// Jest Snapshot v1, https://jestjs.io/docs/snapshot-testing

exports[`SDK public runtime API drift guard keeps root runtime exports intentional 1`] = `
[
  "AppSessionKeySignerV1",
  "AppSessionStatus",
  "AppSessionWalletSignerV1",
  "AppSessionsV1CreateAppSessionMethod",
  "AppSessionsV1GetAppDefinitionMethod",
  "AppSessionsV1GetAppSessionsMethod",
  "AppSessionsV1GetLastKeyStatesMethod",
  "AppSessionsV1Group",
  "AppSessionsV1RebalanceAppSessionsMethod",
  "AppSessionsV1SubmitAppStateMethod",
  "AppSessionsV1SubmitDepositStateMethod",
  "AppSessionsV1SubmitSessionKeyStateMethod",
  "AppStateUpdateIntent",
  "AppsV1GetAppsMethod",
  "AppsV1Group",
  "AppsV1SubmitAppVersionMethod",
  "CHANNEL_HUB_VERSION",
  "ChannelDefaultSigner",
  "ChannelParticipant",
  "ChannelSessionKeyStateSigner",
  "ChannelSignerType",
  "ChannelStatus",
  "ChannelType",
  "ChannelV1Group",
  "ChannelsV1GetChannelsMethod",
  "ChannelsV1GetEscrowChannelMethod",
  "ChannelsV1GetHomeChannelMethod",
  "ChannelsV1GetLastKeyStatesMethod",
  "ChannelsV1GetLatestStateMethod",
  "ChannelsV1RequestCreationMethod",
  "ChannelsV1SubmitSessionKeyStateMethod",
  "ChannelsV1SubmitStateMethod",
  "Client",
  "ClientAssetStore",
  "DEFAULT_CHALLENGE_PERIOD",
  "DefaultConfig",
  "DefaultWebsocketDialerConfig",
  "ERROR_PARAM_KEY",
  "ErrAlreadyConnected",
  "ErrConnectionTimeout",
  "ErrDialingWebsocket",
  "ErrInvalidRequestMethod",
  "ErrMarshalingRequest",
  "ErrNilRequest",
  "ErrNoResponse",
  "ErrNotConnected",
  "ErrReadingMessage",
  "ErrSendingPing",
  "ErrSendingRequest",
  "EthereumMsgSigner",
  "EthereumRawSigner",
  "INTENT_CLOSE",
  "INTENT_DEPOSIT",
  "INTENT_FINALIZE_ESCROW_DEPOSIT",
  "INTENT_FINALIZE_ESCROW_WITHDRAWAL",
  "INTENT_FINALIZE_MIGRATION",
  "INTENT_INITIATE_ESCROW_DEPOSIT",
  "INTENT_INITIATE_ESCROW_WITHDRAWAL",
  "INTENT_INITIATE_MIGRATION",
  "INTENT_OPERATE",
  "INTENT_WITHDRAW",
  "MsgType",
  "NodeV1GetAssetsMethod",
  "NodeV1GetConfigMethod",
  "NodeV1Group",
  "NodeV1PingMethod",
  "RPCClient",
  "RPCError",
  "StateAdvancerV1",
  "StatePackerV1",
  "TransactionType",
  "TransitionType",
  "UserV1GetActionAllowancesMethod",
  "UserV1GetBalancesMethod",
  "UserV1GetTransactionsMethod",
  "UserV1Group",
  "WebsocketDialer",
  "appSessionStatusToString",
  "appStateUpdateIntentToString",
  "applyAcknowledgementTransition",
  "applyChannelCreation",
  "applyCommitTransition",
  "applyEscrowDepositTransition",
  "applyEscrowLockTransition",
  "applyEscrowWithdrawTransition",
  "applyFinalizeTransition",
  "applyHomeDepositTransition",
  "applyHomeWithdrawalTransition",
  "applyMigrateTransition",
  "applyMutualLockTransition",
  "applyReceiverTransitions",
  "applyReleaseTransition",
  "applyTransferReceiveTransition",
  "applyTransferSendTransition",
  "createSigners",
  "decimalToBigInt",
  "errorf",
  "evm",
  "generateAppSessionIDV1",
  "generateChannelMetadata",
  "generateNonce",
  "generateRebalanceBatchIDV1",
  "generateRebalanceTransactionIDV1",
  "getChannelSessionKeyAuthMetadataHashV1",
  "getEscrowChannelId",
  "getHomeChannelId",
  "getLastTransition",
  "getOffsetAndLimit",
  "getReceiverTransactionId",
  "getSenderTransactionId",
  "getStateId",
  "getStateTransitionHash",
  "isFinal",
  "ledgerEqual",
  "marshalMessage",
  "messageError",
  "newChannel",
  "newErrorPayload",
  "newErrorResponse",
  "newEvent",
  "newMessage",
  "newPayload",
  "newRPCClient",
  "newRequest",
  "newResponse",
  "newStatePackerV1",
  "newTransaction",
  "newTransition",
  "newVoidState",
  "newWebsocketDialer",
  "nextState",
  "packAppSessionKeyStateV1",
  "packAppStateUpdateV1",
  "packAppV1",
  "packChallengeState",
  "packChannelKeyStateV1",
  "packCreateAppSessionRequestV1",
  "packState",
  "payloadError",
  "transformActionAllowance",
  "transformAppDefinitionFromRPC",
  "transformAppDefinitionToRPC",
  "transformAppSessionInfo",
  "transformAppStateUpdateToRPC",
  "transformAssets",
  "transformBalances",
  "transformChannel",
  "transformLedger",
  "transformNodeConfig",
  "transformPaginationMetadata",
  "transformSignedAppStateUpdateToRPC",
  "transformState",
  "transformTransaction",
  "transformTransition",
  "transitionRequiresOpenChannel",
  "transitionToIntent",
  "transitionToString",
  "transitionsEqual",
  "translatePayload",
  "unmarshalMessage",
  "validateDecimalPrecision",
  "validateLedger",
  "withBlockchainRPC",
  "withErrorHandler",
  "withHandshakeTimeout",
]
`;
