// Jest Snapshot v1, https://jestjs.io/docs/snapshot-testing

exports[`compat public runtime API drift guard keeps root runtime exports intentional 1`] = `
[
  "AllowanceError",
  "CompatError",
  "EIP712AuthTypes",
  "EventPoller",
  "InsufficientFundsError",
  "NitroliteClient",
  "NitroliteRPC",
  "NotInitializedError",
  "OngoingStateTransitionError",
  "RPCAppStateIntent",
  "RPCChannelStatus",
  "RPCMethod",
  "RPCProtocolVersion",
  "RPCTxType",
  "UserRejectedError",
  "WalletStateSigner",
  "blockchainRPCsFromEnv",
  "buildClientOptions",
  "convertRPCToClientChannel",
  "convertRPCToClientState",
  "createAppSessionMessage",
  "createAuthRequestMessage",
  "createAuthVerifyMessage",
  "createAuthVerifyMessageWithJWT",
  "createCloseAppSessionMessage",
  "createCloseChannelMessage",
  "createCreateChannelMessage",
  "createECDSAMessageSigner",
  "createEIP712AuthMessageSigner",
  "createGetAppDefinitionMessage",
  "createGetAppSessionsMessage",
  "createGetChannelsMessage",
  "createGetLedgerBalancesMessage",
  "createPingMessage",
  "createResizeChannelMessage",
  "createSubmitAppStateMessage",
  "createTransferMessage",
  "getUserFacingMessage",
  "packCreateAppSessionHash",
  "packSubmitAppStateHash",
  "parseAnyRPCResponse",
  "parseCloseAppSessionResponse",
  "parseCloseChannelResponse",
  "parseCreateAppSessionResponse",
  "parseCreateChannelResponse",
  "parseGetAppDefinitionResponse",
  "parseGetAppSessionsResponse",
  "parseGetChannelsResponse",
  "parseGetLedgerBalancesResponse",
  "parseGetLedgerEntriesResponse",
  "parseResizeChannelResponse",
  "parseSubmitAppStateResponse",
  "toSessionKeyQuorumSignature",
  "toWalletQuorumSignature",
]
`;
