// Jest Snapshot v1, https://jestjs.io/docs/snapshot-testing

exports[`compat public runtime API drift guard keeps root TypeScript public API signatures intentional 1`] = `
[
  {
    "declaration": "string",
    "kind": "type",
    "name": "AccountID",
    "type": "string",
  },
  {
    "kind": "interface",
    "name": "AccountInfo",
    "properties": [
      "balances: LedgerBalance[]",
      "channelCount: bigint",
    ],
    "signatures": [],
  },
  {
    "kind": "interface",
    "name": "Allocation",
    "properties": [
      "amount: bigint",
      "destination: Address | string",
      "token: Address | string",
    ],
    "signatures": [],
  },
  {
    "constructors": [
      "(message: string): AllowanceError",
    ],
    "kind": "class",
    "name": "AllowanceError",
    "properties": [
      "code: string",
      "message: string",
      "name: string",
      "stack: string",
    ],
    "staticProperties": [
      "captureStackTrace: (targetObject: object, constructorOpt?: Function): void",
      "prepareStackTrace: (err: Error, stackTraces: NodeJS.CallSite[]): any",
      "stackTraceLimit: number",
    ],
  },
  {
    "kind": "interface",
    "name": "AppLogic",
    "properties": [
      "decode: (encoded: Hex): T",
      "encode: (data: T): Hex",
      "getAdjudicatorAddress: (): Address",
      "getAdjudicatorType: (): string",
      "isFinal: (state: T): boolean",
      "provideProofs: (channel: Channel, state: T, previousStates: State[]): State[]",
      "validateTransition: (channel: Channel, prevState: T, nextState: T): boolean",
    ],
    "signatures": [],
  },
  {
    "kind": "interface",
    "name": "AppSession",
    "properties": [
      "allocations: RPCAppSessionAllocation[]",
      "app_session_id: string",
      "nonce: number",
      "participants: string[]",
      "protocol: string",
      "quorum: number",
      "sessionData: string",
      "status: string",
      "version: number",
      "weights: number[]",
    ],
    "signatures": [],
  },
  {
    "kind": "interface",
    "name": "AuthChallengeResponse",
    "properties": [
      "method: RPCMethod.AuthChallenge",
      "params: { challengeMessage: string; }",
    ],
    "signatures": [],
  },
  {
    "kind": "interface",
    "name": "AuthRequestParams",
    "properties": [
      "address: string",
      "allowances: { asset: string; amount: string }[]",
      "application: string",
      "expires_at: bigint",
      "scope: string",
      "session_key: string",
    ],
    "signatures": [],
  },
  {
    "kind": "function",
    "name": "blockchainRPCsFromEnv",
    "signatures": [
      "(): Record<number, string>",
    ],
  },
  {
    "kind": "function",
    "name": "buildClientOptions",
    "signatures": [
      "(config: CompatClientConfig): Option[]",
    ],
  },
  {
    "kind": "interface",
    "name": "Channel",
    "properties": [
      "adjudicator: Address",
      "challenge: number",
      "channelId: string",
      "nonce: bigint",
      "participants: Address[]",
      "version: bigint",
    ],
    "signatures": [],
  },
  {
    "kind": "interface",
    "name": "ChannelData",
    "properties": [
      "lastValidState: any",
      "stateData: Hex",
    ],
    "signatures": [],
  },
  {
    "kind": "interface",
    "name": "ClearNodeAsset",
    "properties": [
      "chainId: number",
      "decimals: number",
      "symbol: string",
      "token: Address",
    ],
    "signatures": [],
  },
  {
    "kind": "interface",
    "name": "CloseAppSessionRequestParams",
    "properties": [
      "allocations: RPCAppSessionAllocation[]",
      "app_session_id: string",
      "quorum_sigs: string[]",
      "session_data: string",
      "version: number",
    ],
    "signatures": [],
  },
  {
    "kind": "interface",
    "name": "CloseChannelResponseParams",
    "properties": [
      "channelId: string",
      "serverSignature: string",
      "state: any",
    ],
    "signatures": [],
  },
  {
    "kind": "interface",
    "name": "CompatClientConfig",
    "properties": [
      "blockchainRPCs: Record<number, string>",
      "wsURL: string",
    ],
    "signatures": [],
  },
  {
    "constructors": [
      "(message: string, code: string): CompatError",
    ],
    "kind": "class",
    "name": "CompatError",
    "properties": [
      "code: string",
      "message: string",
      "name: string",
      "stack: string",
    ],
    "staticProperties": [
      "captureStackTrace: (targetObject: object, constructorOpt?: Function): void",
      "prepareStackTrace: (err: Error, stackTraces: NodeJS.CallSite[]): any",
      "stackTraceLimit: number",
    ],
  },
  {
    "kind": "interface",
    "name": "ContractAddresses",
    "properties": [
      "adjudicator: Address | string",
      "custody: Address | string",
    ],
    "signatures": [],
  },
  {
    "kind": "const",
    "name": "convertRPCToClientChannel",
    "type": "(ch: any) => any",
  },
  {
    "kind": "const",
    "name": "convertRPCToClientState",
    "type": "(st: any, _sig?: string) => any",
  },
  {
    "kind": "interface",
    "name": "CreateAppSessionHashParams",
    "properties": [
      "application: string",
      "nonce: bigint | number",
      "participants: CreateAppSessionHashParticipant[]",
      "quorum: number",
      "sessionData: string",
    ],
    "signatures": [],
  },
  {
    "kind": "interface",
    "name": "CreateAppSessionHashParticipant",
    "properties": [
      "signatureWeight: number",
      "walletAddress: Address | Hex",
    ],
    "signatures": [],
  },
  {
    "kind": "const",
    "name": "createAppSessionMessage",
    "type": "(..._args: any[]) => Promise<string>",
  },
  {
    "kind": "interface",
    "name": "CreateAppSessionRequestParams",
    "properties": [
      "allocations: RPCAppSessionAllocation[]",
      "definition: RPCAppDefinition",
      "owner_sig: string",
      "quorum_sigs: string[]",
      "session_data: string",
    ],
    "signatures": [],
  },
  {
    "kind": "function",
    "name": "createAuthRequestMessage",
    "signatures": [
      "(params: AuthRequestParams, requestId?: number, timestamp?: number): Promise<string>",
    ],
  },
  {
    "kind": "function",
    "name": "createAuthVerifyMessage",
    "signatures": [
      "(signer: MessageSigner, challenge: { params: { challengeMessage: string; }; }, requestId?: number, timestamp?: number): Promise<string>",
    ],
  },
  {
    "kind": "function",
    "name": "createAuthVerifyMessageWithJWT",
    "signatures": [
      "(jwtToken: string, requestId?: number, timestamp?: number): Promise<string>",
    ],
  },
  {
    "kind": "interface",
    "name": "CreateChannelResponseParams",
    "properties": [
      "channel: any",
      "serverSignature: string",
      "state: any",
    ],
    "signatures": [],
  },
  {
    "kind": "const",
    "name": "createCloseAppSessionMessage",
    "type": "(..._args: any[]) => Promise<string>",
  },
  {
    "kind": "const",
    "name": "createCloseChannelMessage",
    "type": "(..._args: any[]) => Promise<string>",
  },
  {
    "kind": "const",
    "name": "createCreateChannelMessage",
    "type": "(..._args: any[]) => Promise<string>",
  },
  {
    "kind": "function",
    "name": "createECDSAMessageSigner",
    "signatures": [
      "(privateKey: Hex): MessageSigner",
    ],
  },
  {
    "kind": "function",
    "name": "createEIP712AuthMessageSigner",
    "signatures": [
      "(walletClient: any, partialMessage: { scope: string; session_key: \`0x\${string}\`; expires_at: bigint; allowances: { asset: string; amount: string; }[]; }, domain: { name: string; }): MessageSigner",
    ],
  },
  {
    "kind": "const",
    "name": "createGetAppDefinitionMessage",
    "type": "(..._args: any[]) => Promise<string>",
  },
  {
    "kind": "const",
    "name": "createGetAppSessionsMessage",
    "type": "(..._args: any[]) => Promise<string>",
  },
  {
    "kind": "const",
    "name": "createGetChannelsMessage",
    "type": "(..._args: any[]) => Promise<string>",
  },
  {
    "kind": "const",
    "name": "createGetLedgerBalancesMessage",
    "type": "(..._args: any[]) => Promise<string>",
  },
  {
    "kind": "const",
    "name": "createPingMessage",
    "type": "(..._args: any[]) => Promise<string>",
  },
  {
    "kind": "const",
    "name": "createResizeChannelMessage",
    "type": "(..._args: any[]) => Promise<string>",
  },
  {
    "kind": "const",
    "name": "createSubmitAppStateMessage",
    "type": "(..._args: any[]) => Promise<string>",
  },
  {
    "kind": "const",
    "name": "createTransferMessage",
    "type": "(..._args: any[]) => Promise<string>",
  },
  {
    "kind": "const",
    "name": "EIP712AuthTypes",
    "type": "{ readonly Policy: readonly [{ readonly name: 'challenge'; readonly type: 'string'; }, { readonly name: 'scope'; readonly type: 'string'; }, { readonly name: 'wallet'; readonly type: 'address'; }, { readonly name: 'session_key'; readonly type: 'address'; }, { readonly name: 'expires_at'; readonly type: 'uint64'; }, { readonly name: 'allowances'; readonly type: 'Allowance[]'; }]; readonly Allowance: readonly [{ readonly name: 'asset'; readonly type: 'string'; }, { readonly name: 'amount'; readonly type: 'string'; }]; }",
  },
  {
    "constructors": [
      "(client: NitroliteClient, callbacks: EventPollerCallbacks, intervalMs?: number): EventPoller",
    ],
    "kind": "class",
    "name": "EventPoller",
    "properties": [
      "setInterval: (ms: number): void",
      "start: (): void",
      "stop: (): void",
    ],
    "staticProperties": [],
  },
  {
    "kind": "interface",
    "name": "EventPollerCallbacks",
    "properties": [
      "onAssetsUpdate: (assets: ClearNodeAsset[]) => void",
      "onBalanceUpdate: (balances: LedgerBalance[]) => void",
      "onChannelUpdate: (channels: LedgerChannel[]) => void",
      "onError: (error: Error) => void",
    ],
    "signatures": [],
  },
  {
    "kind": "interface",
    "name": "FinalState",
    "properties": [
      "allocations: [Allocation, Allocation]",
      "channelId: string",
      "data: Hex",
      "intent: number",
      "serverSignature: string",
      "version: bigint",
    ],
    "signatures": [],
  },
  {
    "kind": "interface",
    "name": "GetAppDefinitionResponseParams",
    "properties": [
      "challenge: number",
      "nonce: number",
      "participants: Address[]",
      "protocol: string",
      "quorum: number",
      "weights: number[]",
    ],
    "signatures": [],
  },
  {
    "kind": "function",
    "name": "getUserFacingMessage",
    "signatures": [
      "(error: unknown): string",
    ],
  },
  {
    "constructors": [
      "(message: string): InsufficientFundsError",
    ],
    "kind": "class",
    "name": "InsufficientFundsError",
    "properties": [
      "code: string",
      "message: string",
      "name: string",
      "stack: string",
    ],
    "staticProperties": [
      "captureStackTrace: (targetObject: object, constructorOpt?: Function): void",
      "prepareStackTrace: (err: Error, stackTraces: NodeJS.CallSite[]): any",
      "stackTraceLimit: number",
    ],
  },
  {
    "declaration": "Address | \`0x\${string}\`",
    "kind": "type",
    "name": "LedgerAccountType",
    "type": "\`0x\${string}\`",
  },
  {
    "kind": "interface",
    "name": "LedgerBalance",
    "properties": [
      "amount: string",
      "asset: string",
    ],
    "signatures": [],
  },
  {
    "kind": "interface",
    "name": "LedgerChannel",
    "properties": [
      "adjudicator: string",
      "amount: bigint",
      "chain_id: number",
      "challenge: number",
      "channel_id: string",
      "created_at: string",
      "nonce: number",
      "participant: string",
      "status: string",
      "token: string",
      "updated_at: string",
      "version: number",
    ],
    "signatures": [],
  },
  {
    "kind": "interface",
    "name": "LedgerEntry",
    "properties": [
      "account_id: string",
      "account_type: number",
      "asset: string",
      "created_at: string",
      "credit: string",
      "debit: string",
      "id: number",
      "participant: string",
    ],
    "signatures": [],
  },
  {
    "declaration": "(payload: MessageSignerPayload) => Promise<string>",
    "kind": "type",
    "name": "MessageSigner",
    "type": "MessageSigner",
  },
  {
    "constructors": [
      "(client: Client, userAddress: Address, chainId: number, blockchainRPCs?: Record<number, string>): NitroliteClient",
    ],
    "kind": "class",
    "name": "NitroliteClient",
    "properties": [
      "acknowledge: (tokenAddress: Address): Promise<void>",
      "approveSecurityToken: (chainId: number, amount: bigint): Promise<string>",
      "cancelSecurityTokensWithdrawal: (chainId: number): Promise<string>",
      "challengeChannel: (params: { state: any; }): Promise<any>",
      "checkTokenAllowance: (chainId: number, tokenAddress: Address): Promise<bigint>",
      "close: (): Promise<void>",
      "closeAppSession: (appSessionIdOrParams: string | CloseAppSessionRequestParams, allocations?: RPCAppSessionAllocation[], quorumSigs?: string[]): Promise<{ appSessionId: string; }>",
      "closeChannel: (params?: { tokenAddress?: Address | string; } | any): Promise<any>",
      "createAppSession: (definitionOrParams: RPCAppDefinition | CreateAppSessionRequestParams, allocations?: RPCAppSessionAllocation[], quorumSigs?: string[], opts?: { ownerSig?: string; }): Promise<{ appSessionId: string; version: string; status: string; }>",
      "createChannel: (_respParams?: any): Promise<any>",
      "deposit: (tokenAddress: Address, amount: bigint): Promise<any>",
      "depositAndCreateChannel: (tokenAddress: Address, amount: bigint, _respParams?: any): Promise<any>",
      "findOpenChannel: (tokenAddress: Address | string, chainId?: number): LedgerChannel | null",
      "formatAmount: (tokenAddress: Address | string, rawAmount: bigint): Promise<string>",
      "getAccountInfo: (): Promise<AccountInfo>",
      "getActionAllowances: (wallet?: Address): Promise<core.ActionAllowance[]>",
      "getAppDefinition: (appSessionId: string): Promise<GetAppDefinitionResponseParams>",
      "getAppSessionsList: (wallet?: Address, status?: string): Promise<AppSession[]>",
      "getApps: (options?: { appId?: string; ownerWallet?: string; page?: number; pageSize?: number; }): Promise<{ apps: AppInfoV1[]; metadata: core.PaginationMetadata; }>",
      "getAssetsList: (): Promise<ClearNodeAsset[]>",
      "getBalances: (wallet?: Address): Promise<LedgerBalance[]>",
      "getBlockchains: (): Promise<core.Blockchain[]>",
      "getChannelData: (_channelId: string): Promise<any>",
      "getChannels: (): Promise<LedgerChannel[]>",
      "getConfig: (): Promise<any>",
      "getEscrowChannel: (escrowChannelId: string): Promise<core.Channel>",
      "getLastAppSessionsListError: (): string | null",
      "getLastChannelKeyStates: (userAddress: string, sessionKey?: string): Promise<ChannelSessionKeyStateV1[]>",
      "getLastKeyStates: (userAddress: string, sessionKey?: string): Promise<AppSessionKeyStateV1[]>",
      "getLedgerEntries: (wallet?: Address): Promise<LedgerEntry[]>",
      "getLockedBalance: (chainId: number, wallet?: Address): Promise<bigint>",
      "getTokenDecimals: (tokenAddress: Address | string): Promise<number>",
      "initiateSecurityTokensWithdrawal: (chainId: number): Promise<string>",
      "innerClient: Client",
      "lockSecurityTokens: (targetWallet: Address, chainId: number, amount: bigint): Promise<string>",
      "parseAmount: (tokenAddress: Address | string, humanAmount: string): Promise<bigint>",
      "ping: (): Promise<void>",
      "refreshAssets: (): Promise<void>",
      "registerApp: (appID: string, metadata: string, creationApprovalNotRequired: boolean): Promise<void>",
      "resizeChannel: (params: { allocate_amount: bigint; token: Address; }): Promise<any>",
      "resolveAsset: (symbol: string): Promise<AssetInfo>",
      "resolveAssetDisplay: (tokenAddress: Address | string, _chainId?: number): Promise<{ symbol: string; decimals: number; } | null>",
      "resolveToken: (tokenAddress: Address | string): Promise<AssetInfo>",
      "signChannelSessionKeyState: (state: ChannelSessionKeyStateV1): Promise<Hex>",
      "signSessionKeyState: (state: AppSessionKeyStateV1): Promise<Hex>",
      "submitAppState: (params: SubmitAppStateRequestParams): Promise<{ appSessionId: string; version: number; status: string; }>",
      "submitChannelSessionKeyState: (state: ChannelSessionKeyStateV1): Promise<void>",
      "submitSessionKeyState: (state: AppSessionKeyStateV1): Promise<void>",
      "transfer: (destination: Address, allocations: TransferAllocation[]): Promise<void>",
      "userAddress: Address",
      "waitForClose: (): Promise<void>",
      "withdrawSecurityTokens: (chainId: number, destination: Address): Promise<string>",
      "withdrawal: (tokenAddress: Address, amount: bigint): Promise<any>",
    ],
    "staticProperties": [
      "classifyError: (error: unknown): Error",
      "create: (config: NitroliteClientConfig): Promise<NitroliteClient>",
    ],
  },
  {
    "kind": "interface",
    "name": "NitroliteClientConfig",
    "properties": [
      "addresses: ContractAddresses",
      "blockchainRPCs: Record<number, string>",
      "chainId: number",
      "challengeDuration: bigint",
      "channelSessionKeySigner: { sessionKeyPrivateKey: Hex; walletAddress: Address; metadataHash: Hex; authSig: Hex; }",
      "walletClient: WalletClient",
      "wsURL: string",
    ],
    "signatures": [],
  },
  {
    "kind": "const",
    "name": "NitroliteRPC",
    "type": "{ createRequest(opts: { requestId: number; method: string; params: any; timestamp: number; }): NitroliteRPCMessage; signRequestMessage(msg: NitroliteRPCMessage, signer: MessageSigner): Promise<NitroliteRPCMessage>; }",
  },
  {
    "kind": "interface",
    "name": "NitroliteRPCMessage",
    "properties": [
      "req: NitroliteRPCRequest",
      "sig: string",
    ],
    "signatures": [],
  },
  {
    "constructors": [
      "(message: string): NotInitializedError",
    ],
    "kind": "class",
    "name": "NotInitializedError",
    "properties": [
      "code: string",
      "message: string",
      "name: string",
      "stack: string",
    ],
    "staticProperties": [
      "captureStackTrace: (targetObject: object, constructorOpt?: Function): void",
      "prepareStackTrace: (err: Error, stackTraces: NodeJS.CallSite[]): any",
      "stackTraceLimit: number",
    ],
  },
  {
    "constructors": [
      "(message: string): OngoingStateTransitionError",
    ],
    "kind": "class",
    "name": "OngoingStateTransitionError",
    "properties": [
      "code: string",
      "message: string",
      "name: string",
      "stack: string",
    ],
    "staticProperties": [
      "captureStackTrace: (targetObject: object, constructorOpt?: Function): void",
      "prepareStackTrace: (err: Error, stackTraces: NodeJS.CallSite[]): any",
      "stackTraceLimit: number",
    ],
  },
  {
    "kind": "function",
    "name": "packCreateAppSessionHash",
    "signatures": [
      "(params: CreateAppSessionHashParams): Hex",
    ],
  },
  {
    "kind": "function",
    "name": "packSubmitAppStateHash",
    "signatures": [
      "(params: SubmitAppStateHashParams): Hex",
    ],
  },
  {
    "kind": "function",
    "name": "parseAnyRPCResponse",
    "signatures": [
      "(raw: string): RPCResponse",
    ],
  },
  {
    "kind": "const",
    "name": "parseCloseAppSessionResponse",
    "type": "(raw: string) => { params: { appSessionId: any; }; }",
  },
  {
    "kind": "const",
    "name": "parseCloseChannelResponse",
    "type": "(raw: string) => { params: any; }",
  },
  {
    "kind": "const",
    "name": "parseCreateAppSessionResponse",
    "type": "(raw: string) => { params: { appSessionId: any; }; }",
  },
  {
    "kind": "const",
    "name": "parseCreateChannelResponse",
    "type": "(raw: string) => { params: any; }",
  },
  {
    "kind": "const",
    "name": "parseGetAppDefinitionResponse",
    "type": "(raw: string) => { params: any; }",
  },
  {
    "kind": "const",
    "name": "parseGetAppSessionsResponse",
    "type": "(raw: string) => { params: { appSessions: any; }; }",
  },
  {
    "kind": "const",
    "name": "parseGetChannelsResponse",
    "type": "(raw: string) => { params: { channels: any; }; }",
  },
  {
    "kind": "const",
    "name": "parseGetLedgerBalancesResponse",
    "type": "(raw: string) => { params: { ledgerBalances: any; }; }",
  },
  {
    "kind": "const",
    "name": "parseGetLedgerEntriesResponse",
    "type": "(raw: string) => { params: { ledgerEntries: any; }; }",
  },
  {
    "kind": "const",
    "name": "parseResizeChannelResponse",
    "type": "(raw: string) => { params: any; }",
  },
  {
    "kind": "const",
    "name": "parseSubmitAppStateResponse",
    "type": "(raw: string) => { params: { appSessionId: any; version: any; status: any; }; }",
  },
  {
    "declaration": "number",
    "kind": "type",
    "name": "RequestID",
    "type": "number",
  },
  {
    "kind": "interface",
    "name": "ResizeChannelRequestParams",
    "properties": [
      "allocate_amount: bigint",
      "channel_id: string",
      "funds_destination: Address | string",
      "resize_amount: bigint",
    ],
    "signatures": [],
  },
  {
    "kind": "interface",
    "name": "RPCAppDefinition",
    "properties": [
      "application: string",
      "challenge: number",
      "nonce: number",
      "participants: Hex[]",
      "protocol: RPCProtocolVersion",
      "quorum: number",
      "weights: number[]",
    ],
    "signatures": [],
  },
  {
    "kind": "interface",
    "name": "RPCAppSession",
    "properties": [
      "appSessionId: Hex",
      "application: string",
      "challenge: number",
      "createdAt: Date",
      "nonce: number",
      "participants: Address[]",
      "protocol: RPCProtocolVersion",
      "quorum: number",
      "sessionData: string",
      "status: RPCChannelStatus",
      "updatedAt: Date",
      "version: number",
      "weights: number[]",
    ],
    "signatures": [],
  },
  {
    "kind": "interface",
    "name": "RPCAppSessionAllocation",
    "properties": [
      "amount: string",
      "asset: string",
      "participant: Address",
    ],
    "signatures": [],
  },
  {
    "kind": "enum",
    "members": [
      "Operate = 'operate'",
      "Deposit = 'deposit'",
      "Withdraw = 'withdraw'",
    ],
    "name": "RPCAppStateIntent",
  },
  {
    "kind": "interface",
    "name": "RPCAsset",
    "properties": [
      "chainId: number",
      "decimals: number",
      "symbol: string",
      "token: Address",
    ],
    "signatures": [],
  },
  {
    "kind": "interface",
    "name": "RPCBalance",
    "properties": [
      "amount: string",
      "asset: string",
    ],
    "signatures": [],
  },
  {
    "kind": "enum",
    "members": [
      "Open = 'open'",
      "Closed = 'closed'",
      "Resizing = 'resizing'",
      "Challenged = 'challenged'",
    ],
    "name": "RPCChannelStatus",
  },
  {
    "kind": "interface",
    "name": "RPCChannelUpdate",
    "properties": [
      "adjudicator: string",
      "amount: bigint",
      "chainId: number",
      "challenge: number",
      "channelId: string",
      "createdAt: string",
      "nonce: number",
      "participant: string",
      "status: string",
      "token: string",
      "updatedAt: string",
      "version: number",
    ],
    "signatures": [],
  },
  {
    "kind": "interface",
    "name": "RPCLedgerEntry",
    "properties": [
      "account_id: string",
      "account_type: number",
      "asset: string",
      "created_at: string",
      "credit: string",
      "debit: string",
      "id: number",
      "participant: string",
    ],
    "signatures": [],
  },
  {
    "kind": "enum",
    "members": [
      "Ping = 'ping'",
      "GetConfig = 'get_config'",
      "GetChannels = 'get_channels'",
      "ChannelsUpdate = 'channels_update'",
      "ChannelUpdate = 'channel_update'",
      "BalanceUpdate = 'balance_update'",
      "GetAssets = 'get_assets'",
      "Assets = 'assets'",
      "GetLedgerBalances = 'get_ledger_balances'",
      "GetLedgerEntries = 'get_ledger_entries'",
      "GetAppSessions = 'get_app_sessions'",
      "CreateChannel = 'create_channel'",
      "CloseChannel = 'close_channel'",
      "ResizeChannel = 'resize_channel'",
      "Transfer = 'transfer'",
      "CreateAppSession = 'create_app_session'",
      "CloseAppSession = 'close_app_session'",
      "SubmitAppState = 'submit_app_state'",
      "GetAppDefinition = 'get_app_definition'",
      "AuthRequest = 'auth_request'",
      "AuthChallenge = 'auth_challenge'",
      "AuthVerify = 'auth_verify'",
      "Error = 'error'",
      "GetLedgerTransactions = 'get_ledger_transactions'",
      "TransferNotification = 'tr'",
    ],
    "name": "RPCMethod",
  },
  {
    "kind": "enum",
    "members": [
      "NitroRPC_0_2 = 'NitroRPC/0.2'",
      "NitroRPC_0_4 = 'NitroRPC/0.4'",
    ],
    "name": "RPCProtocolVersion",
  },
  {
    "kind": "interface",
    "name": "RPCResponse",
    "properties": [
      "method: string",
      "params: any",
      "requestId: number",
    ],
    "signatures": [],
  },
  {
    "kind": "interface",
    "name": "RPCTransaction",
    "properties": [
      "amount: string",
      "asset: string",
      "createdAt: Date",
      "fromAccount: LedgerAccountType",
      "fromAccountTag: string",
      "id: number",
      "toAccount: LedgerAccountType",
      "toAccountTag: string",
      "txType: RPCTxType",
    ],
    "signatures": [],
  },
  {
    "kind": "enum",
    "members": [
      "Transfer = 'transfer'",
      "Deposit = 'deposit'",
      "Withdrawal = 'withdrawal'",
      "AppDeposit = 'app_deposit'",
      "AppWithdrawal = 'app_withdrawal'",
      "EscrowLock = 'escrow_lock'",
      "EscrowUnlock = 'escrow_unlock'",
    ],
    "name": "RPCTxType",
  },
  {
    "kind": "interface",
    "name": "State",
    "properties": [
      "allocations: Allocation[]",
      "channelId: string",
      "data: Hex",
      "version: bigint",
    ],
    "signatures": [],
  },
  {
    "kind": "interface",
    "name": "SubmitAppStateHashAllocation",
    "properties": [
      "amount: string",
      "asset: string",
      "participant: Address | Hex",
    ],
    "signatures": [],
  },
  {
    "kind": "interface",
    "name": "SubmitAppStateHashParams",
    "properties": [
      "allocations: SubmitAppStateHashAllocation[]",
      "appSessionId: Hex | string",
      "intent: RPCAppStateIntent | 'close' | number",
      "sessionData: string",
      "version: bigint | number",
    ],
    "signatures": [],
  },
  {
    "declaration": "SubmitAppStateRequestParamsV02 | SubmitAppStateRequestParamsV04",
    "kind": "type",
    "name": "SubmitAppStateRequestParams",
    "type": "SubmitAppStateRequestParams",
  },
  {
    "kind": "interface",
    "name": "SubmitAppStateRequestParamsV02",
    "properties": [
      "allocations: RPCAppSessionAllocation[]",
      "app_session_id: Hex",
      "quorum_sigs: string[]",
      "session_data: string",
    ],
    "signatures": [],
  },
  {
    "kind": "interface",
    "name": "SubmitAppStateRequestParamsV04",
    "properties": [
      "allocations: RPCAppSessionAllocation[]",
      "app_session_id: Hex",
      "intent: RPCAppStateIntent",
      "quorum_sigs: string[]",
      "session_data: string",
      "version: number",
    ],
    "signatures": [],
  },
  {
    "kind": "function",
    "name": "toSessionKeyQuorumSignature",
    "signatures": [
      "(signature: Hex | string): Hex",
    ],
  },
  {
    "kind": "function",
    "name": "toWalletQuorumSignature",
    "signatures": [
      "(signature: Hex | string): Hex",
    ],
  },
  {
    "kind": "interface",
    "name": "TransferAllocation",
    "properties": [
      "amount: string",
      "asset: string",
    ],
    "signatures": [],
  },
  {
    "kind": "interface",
    "name": "TransferNotificationResponseParams",
    "properties": [
      "transactions: RPCTransaction[]",
    ],
    "signatures": [],
  },
  {
    "constructors": [
      "(message: string): UserRejectedError",
    ],
    "kind": "class",
    "name": "UserRejectedError",
    "properties": [
      "code: string",
      "message: string",
      "name: string",
      "stack: string",
    ],
    "staticProperties": [
      "captureStackTrace: (targetObject: object, constructorOpt?: Function): void",
      "prepareStackTrace: (err: Error, stackTraces: NodeJS.CallSite[]): any",
      "stackTraceLimit: number",
    ],
  },
  {
    "constructors": [
      "(walletClient: any): WalletStateSigner",
    ],
    "kind": "class",
    "name": "WalletStateSigner",
    "properties": [
      "address: Hex",
      "sign: (data: Uint8Array): Promise<string>",
    ],
    "staticProperties": [],
  },
]
`;

exports[`compat public runtime API drift guard keeps root runtime exports intentional 1`] = `
[
  "AllowanceError",
  "CompatError",
  "EIP712AuthTypes",
  "EventPoller",
  "InsufficientFundsError",
  "NitroliteClient",
  "NitroliteRPC",
  "NotInitializedError",
  "OngoingStateTransitionError",
  "RPCAppStateIntent",
  "RPCChannelStatus",
  "RPCMethod",
  "RPCProtocolVersion",
  "RPCTxType",
  "UserRejectedError",
  "WalletStateSigner",
  "blockchainRPCsFromEnv",
  "buildClientOptions",
  "convertRPCToClientChannel",
  "convertRPCToClientState",
  "createAppSessionMessage",
  "createAuthRequestMessage",
  "createAuthVerifyMessage",
  "createAuthVerifyMessageWithJWT",
  "createCloseAppSessionMessage",
  "createCloseChannelMessage",
  "createCreateChannelMessage",
  "createECDSAMessageSigner",
  "createEIP712AuthMessageSigner",
  "createGetAppDefinitionMessage",
  "createGetAppSessionsMessage",
  "createGetChannelsMessage",
  "createGetLedgerBalancesMessage",
  "createPingMessage",
  "createResizeChannelMessage",
  "createSubmitAppStateMessage",
  "createTransferMessage",
  "getUserFacingMessage",
  "packCreateAppSessionHash",
  "packSubmitAppStateHash",
  "parseAnyRPCResponse",
  "parseCloseAppSessionResponse",
  "parseCloseChannelResponse",
  "parseCreateAppSessionResponse",
  "parseCreateChannelResponse",
  "parseGetAppDefinitionResponse",
  "parseGetAppSessionsResponse",
  "parseGetChannelsResponse",
  "parseGetLedgerBalancesResponse",
  "parseGetLedgerEntriesResponse",
  "parseResizeChannelResponse",
  "parseSubmitAppStateResponse",
  "toSessionKeyQuorumSignature",
  "toWalletQuorumSignature",
]
`;
